22:32:46 **** Incremental Build of configuration Debug for project codigo_tp_final ****
make -j8 all 
arm-none-eabi-gcc "../app/src/task_menu_interface.c" -mcpu=cortex-m3 -std=gnu11 -g3 -DDEBUG -DUSE_HAL_DRIVER -DSTM32F103xB -c -I../Core/Inc -I../Drivers/STM32F1xx_HAL_Driver/Inc -I../Drivers/STM32F1xx_HAL_Driver/Inc/Legacy -I../Drivers/CMSIS/Device/ST/STM32F1xx/Include -I../Drivers/CMSIS/Include -I../app/inc -O0 -ffunction-sections -fdata-sections -Wall -fstack-usage -fcyclomatic-complexity -MMD -MP -MF"app/src/task_menu_interface.d" -MT"app/src/task_menu_interface.o" --specs=nano.specs -mfloat-abi=soft -mthumb -o "app/src/task_menu_interface.o"
arm-none-eabi-gcc -o "codigo_tp_final.elf" @"objects.list"  -lrdimon -mcpu=cortex-m3 -T"C:\Users\pc\Desktop\FIUBA\2025 - 1C\TALLER DE SISTEMAS EMBEBIDOS\Archivos STM32CubeIDE\tdse-tpf_1-03-main\codigo_tp_final\STM32F103RBTX_FLASH.ld" --specs=nosys.specs -Wl,-Map="codigo_tp_final.map" -Wl,--gc-sections -static -specs=rdimon.specs --specs=nano.specs -mfloat-abi=soft -mthumb -Wl,--start-group -lc -lm -Wl,--end-group
Finished building target: codigo_tp_final.elf
 
arm-none-eabi-size  codigo_tp_final.elf 
arm-none-eabi-objdump -h -S codigo_tp_final.elf  > "codigo_tp_final.list"
   text	   data	    bss	    dec	    hex	filename
  17124	    164	   2332	  19620	   4ca4	codigo_tp_final.elf
Finished building: default.size.stdout
 
Finished building: codigo_tp_final.list
 

22:32:47 Build Finished. 0 errors, 0 warnings. (took 1s.517ms)

