21:19:13 **** Clean-only build of configuration Debug for project codigo_tp_final ****
make -j8 clean 
rm -rf ./app/src/app.cyclo ./app/src/app.d ./app/src/app.o ./app/src/app.su ./app/src/display.cyclo ./app/src/display.d ./app/src/display.o ./app/src/display.su ./app/src/logger.cyclo ./app/src/logger.d ./app/src/logger.o ./app/src/logger.su ./app/src/task_menu.cyclo ./app/src/task_menu.d ./app/src/task_menu.o ./app/src/task_menu.su ./app/src/task_menu_interface.cyclo ./app/src/task_menu_interface.d ./app/src/task_menu_interface.o ./app/src/task_menu_interface.su ./app/src/task_sensor.cyclo ./app/src/task_sensor.d ./app/src/task_sensor.o ./app/src/task_sensor.su
rm -rf ./Drivers/STM32F1xx_HAL_Driver/Src/stm32f1xx_hal.cyclo ./Drivers/STM32F1xx_HAL_Driver/Src/stm32f1xx_hal.d ./Drivers/STM32F1xx_HAL_Driver/Src/stm32f1xx_hal.o ./Drivers/STM32F1xx_HAL_Driver/Src/stm32f1xx_hal.su ./Drivers/STM32F1xx_HAL_Driver/Src/stm32f1xx_hal_cortex.cyclo ./Drivers/STM32F1xx_HAL_Driver/Src/stm32f1xx_hal_cortex.d ./Drivers/STM32F1xx_HAL_Driver/Src/stm32f1xx_hal_cortex.o ./Drivers/STM32F1xx_HAL_Driver/Src/stm32f1xx_hal_cortex.su ./Drivers/STM32F1xx_HAL_Driver/Src/stm32f1xx_hal_dma.cyclo ./Drivers/STM32F1xx_HAL_Driver/Src/stm32f1xx_hal_dma.d ./Drivers/STM32F1xx_HAL_Driver/Src/stm32f1xx_hal_dma.o ./Drivers/STM32F1xx_HAL_Driver/Src/stm32f1xx_hal_dma.su ./Drivers/STM32F1xx_HAL_Driver/Src/stm32f1xx_hal_exti.cyclo ./Drivers/STM32F1xx_HAL_Driver/Src/stm32f1xx_hal_exti.d ./Drivers/STM32F1xx_HAL_Driver/Src/stm32f1xx_hal_exti.o ./Drivers/STM32F1xx_HAL_Driver/Src/stm32f1xx_hal_exti.su ./Drivers/STM32F1xx_HAL_Driver/Src/stm32f1xx_hal_flash.cyclo ./Drivers/STM32F1xx_HAL_Driver/Src/stm32f1xx_hal_flash.d ./Drivers/STM32F1xx_HAL_Driver/Src/stm32f1xx_hal_flash.o ./Drivers/STM32F1xx_HAL_Driver/Src/stm32f1xx_hal_flash.su ./Drivers/STM32F1xx_HAL_Driver/Src/stm32f1xx_hal_flash_ex.cyclo ./Drivers/STM32F1xx_HAL_Driver/Src/stm32f1xx_hal_flash_ex.d ./Drivers/STM32F1xx_HAL_Driver/Src/stm32f1xx_hal_flash_ex.o ./Drivers/STM32F1xx_HAL_Driver/Src/stm32f1xx_hal_flash_ex.su ./Drivers/STM32F1xx_HAL_Driver/Src/stm32f1xx_hal_gpio.cyclo ./Drivers/STM32F1xx_HAL_Driver/Src/stm32f1xx_hal_gpio.d ./Drivers/STM32F1xx_HAL_Driver/Src/stm32f1xx_hal_gpio.o ./Drivers/STM32F1xx_HAL_Driver/Src/stm32f1xx_hal_gpio.su ./Drivers/STM32F1xx_HAL_Driver/Src/stm32f1xx_hal_gpio_ex.cyclo ./Drivers/STM32F1xx_HAL_Driver/Src/stm32f1xx_hal_gpio_ex.d ./Drivers/STM32F1xx_HAL_Driver/Src/stm32f1xx_hal_gpio_ex.o ./Drivers/STM32F1xx_HAL_Driver/Src/stm32f1xx_hal_gpio_ex.su ./Drivers/STM32F1xx_HAL_Driver/Src/stm32f1xx_hal_pwr.cyclo ./Drivers/STM32F1xx_HAL_Driver/Src/stm32f1xx_hal_pwr.d ./Drivers/STM32F1xx_HAL_Driver/Src/stm32f1xx_hal_pwr.o ./Drivers/STM32F1xx_HAL_Driver/Src/stm32f1xx_hal_pwr.su ./Drivers/STM32F1xx_HAL_Driver/Src/stm32f1xx_hal_rcc.cyclo ./Drivers/STM32F1xx_HAL_Driver/Src/stm32f1xx_hal_rcc.d ./Drivers/STM32F1xx_HAL_Driver/Src/stm32f1xx_hal_rcc.o ./Drivers/STM32F1xx_HAL_Driver/Src/stm32f1xx_hal_rcc.su ./Drivers/STM32F1xx_HAL_Driver/Src/stm32f1xx_hal_rcc_ex.cyclo ./Drivers/STM32F1xx_HAL_Driver/Src/stm32f1xx_hal_rcc_ex.d ./Drivers/STM32F1xx_HAL_Driver/Src/stm32f1xx_hal_rcc_ex.o ./Drivers/STM32F1xx_HAL_Driver/Src/stm32f1xx_hal_rcc_ex.su ./Drivers/STM32F1xx_HAL_Driver/Src/stm32f1xx_hal_uart.cyclo ./Drivers/STM32F1xx_HAL_Driver/Src/stm32f1xx_hal_uart.d ./Drivers/STM32F1xx_HAL_Driver/Src/stm32f1xx_hal_uart.o ./Drivers/STM32F1xx_HAL_Driver/Src/stm32f1xx_hal_uart.su
rm -rf ./Core/Startup/startup_stm32f103rbtx.d ./Core/Startup/startup_stm32f103rbtx.o
rm -rf ./Core/Src/main.cyclo ./Core/Src/main.d ./Core/Src/main.o ./Core/Src/main.su ./Core/Src/stm32f1xx_hal_msp.cyclo ./Core/Src/stm32f1xx_hal_msp.d ./Core/Src/stm32f1xx_hal_msp.o ./Core/Src/stm32f1xx_hal_msp.su ./Core/Src/stm32f1xx_it.cyclo ./Core/Src/stm32f1xx_it.d ./Core/Src/stm32f1xx_it.o ./Core/Src/stm32f1xx_it.su ./Core/Src/sysmem.cyclo ./Core/Src/sysmem.d ./Core/Src/sysmem.o ./Core/Src/sysmem.su ./Core/Src/system_stm32f1xx.cyclo ./Core/Src/system_stm32f1xx.d ./Core/Src/system_stm32f1xx.o ./Core/Src/system_stm32f1xx.su
rm -rf default.size.stdout tdse-tp3_06-interactive_menu.elf tdse-tp3_06-interactive_menu.list tdse-tp3_06-interactive_menu.map
 
21:19:15 **** Build of configuration Debug for project codigo_tp_final ****
make -j8 all 
arm-none-eabi-gcc "../app/src/app.c" -mcpu=cortex-m3 -std=gnu11 -g3 -DDEBUG -DUSE_HAL_DRIVER -DSTM32F103xB -c -I../Core/Inc -I../Drivers/STM32F1xx_HAL_Driver/Inc -I../Drivers/STM32F1xx_HAL_Driver/Inc/Legacy -I../Drivers/CMSIS/Device/ST/STM32F1xx/Include -I../Drivers/CMSIS/Include -I../app/inc -O0 -ffunction-sections -fdata-sections -Wall -fstack-usage -fcyclomatic-complexity -MMD -MP -MF"app/src/app.d" -MT"app/src/app.o" --specs=nano.specs -mfloat-abi=soft -mthumb -o "app/src/app.o"
arm-none-eabi-gcc "../app/src/display.c" -mcpu=cortex-m3 -std=gnu11 -g3 -DDEBUG -DUSE_HAL_DRIVER -DSTM32F103xB -c -I../Core/Inc -I../Drivers/STM32F1xx_HAL_Driver/Inc -I../Drivers/STM32F1xx_HAL_Driver/Inc/Legacy -I../Drivers/CMSIS/Device/ST/STM32F1xx/Include -I../Drivers/CMSIS/Include -I../app/inc -O0 -ffunction-sections -fdata-sections -Wall -fstack-usage -fcyclomatic-complexity -MMD -MP -MF"app/src/display.d" -MT"app/src/display.o" --specs=nano.specs -mfloat-abi=soft -mthumb -o "app/src/display.o"
arm-none-eabi-gcc "../app/src/logger.c" -mcpu=cortex-m3 -std=gnu11 -g3 -DDEBUG -DUSE_HAL_DRIVER -DSTM32F103xB -c -I../Core/Inc -I../Drivers/STM32F1xx_HAL_Driver/Inc -I../Drivers/STM32F1xx_HAL_Driver/Inc/Legacy -I../Drivers/CMSIS/Device/ST/STM32F1xx/Include -I../Drivers/CMSIS/Include -I../app/inc -O0 -ffunction-sections -fdata-sections -Wall -fstack-usage -fcyclomatic-complexity -MMD -MP -MF"app/src/logger.d" -MT"app/src/logger.o" --specs=nano.specs -mfloat-abi=soft -mthumb -o "app/src/logger.o"
arm-none-eabi-gcc "../app/src/task_actuator.c" -mcpu=cortex-m3 -std=gnu11 -g3 -DDEBUG -DUSE_HAL_DRIVER -DSTM32F103xB -c -I../Core/Inc -I../Drivers/STM32F1xx_HAL_Driver/Inc -I../Drivers/STM32F1xx_HAL_Driver/Inc/Legacy -I../Drivers/CMSIS/Device/ST/STM32F1xx/Include -I../Drivers/CMSIS/Include -I../app/inc -O0 -ffunction-sections -fdata-sections -Wall -fstack-usage -fcyclomatic-complexity -MMD -MP -MF"app/src/task_actuator.d" -MT"app/src/task_actuator.o" --specs=nano.specs -mfloat-abi=soft -mthumb -o "app/src/task_actuator.o"
arm-none-eabi-gcc "../app/src/task_actuator_interface.c" -mcpu=cortex-m3 -std=gnu11 -g3 -DDEBUG -DUSE_HAL_DRIVER -DSTM32F103xB -c -I../Core/Inc -I../Drivers/STM32F1xx_HAL_Driver/Inc -I../Drivers/STM32F1xx_HAL_Driver/Inc/Legacy -I../Drivers/CMSIS/Device/ST/STM32F1xx/Include -I../Drivers/CMSIS/Include -I../app/inc -O0 -ffunction-sections -fdata-sections -Wall -fstack-usage -fcyclomatic-complexity -MMD -MP -MF"app/src/task_actuator_interface.d" -MT"app/src/task_actuator_interface.o" --specs=nano.specs -mfloat-abi=soft -mthumb -o "app/src/task_actuator_interface.o"
arm-none-eabi-gcc "../app/src/task_menu.c" -mcpu=cortex-m3 -std=gnu11 -g3 -DDEBUG -DUSE_HAL_DRIVER -DSTM32F103xB -c -I../Core/Inc -I../Drivers/STM32F1xx_HAL_Driver/Inc -I../Drivers/STM32F1xx_HAL_Driver/Inc/Legacy -I../Drivers/CMSIS/Device/ST/STM32F1xx/Include -I../Drivers/CMSIS/Include -I../app/inc -O0 -ffunction-sections -fdata-sections -Wall -fstack-usage -fcyclomatic-complexity -MMD -MP -MF"app/src/task_menu.d" -MT"app/src/task_menu.o" --specs=nano.specs -mfloat-abi=soft -mthumb -o "app/src/task_menu.o"
arm-none-eabi-gcc "../app/src/task_menu_interface.c" -mcpu=cortex-m3 -std=gnu11 -g3 -DDEBUG -DUSE_HAL_DRIVER -DSTM32F103xB -c -I../Core/Inc -I../Drivers/STM32F1xx_HAL_Driver/Inc -I../Drivers/STM32F1xx_HAL_Driver/Inc/Legacy -I../Drivers/CMSIS/Device/ST/STM32F1xx/Include -I../Drivers/CMSIS/Include -I../app/inc -O0 -ffunction-sections -fdata-sections -Wall -fstack-usage -fcyclomatic-complexity -MMD -MP -MF"app/src/task_menu_interface.d" -MT"app/src/task_menu_interface.o" --specs=nano.specs -mfloat-abi=soft -mthumb -o "app/src/task_menu_interface.o"
arm-none-eabi-gcc "../app/src/task_sensor.c" -mcpu=cortex-m3 -std=gnu11 -g3 -DDEBUG -DUSE_HAL_DRIVER -DSTM32F103xB -c -I../Core/Inc -I../Drivers/STM32F1xx_HAL_Driver/Inc -I../Drivers/STM32F1xx_HAL_Driver/Inc/Legacy -I../Drivers/CMSIS/Device/ST/STM32F1xx/Include -I../Drivers/CMSIS/Include -I../app/inc -O0 -ffunction-sections -fdata-sections -Wall -fstack-usage -fcyclomatic-complexity -MMD -MP -MF"app/src/task_sensor.d" -MT"app/src/task_sensor.o" --specs=nano.specs -mfloat-abi=soft -mthumb -o "app/src/task_sensor.o"
../app/src/task_actuator.c:65:22: error: 'LED_B_PORT' undeclared here (not in a function); did you mean 'LED_A_PORT'?
   65 |          {ID_LED_B,  LED_B_PORT,  LED_B_PIN, LED_B_ON,  LED_B_OFF,
      |                      ^~~~~~~~~~
      |                      LED_A_PORT
../app/src/task_actuator.c:65:35: error: 'LED_B_PIN' undeclared here (not in a function); did you mean 'LED_A_PIN'?
   65 |          {ID_LED_B,  LED_B_PORT,  LED_B_PIN, LED_B_ON,  LED_B_OFF,
      |                                   ^~~~~~~~~
      |                                   LED_A_PIN
../app/src/task_actuator.c:65:46: error: 'LED_B_ON' undeclared here (not in a function); did you mean 'LED_A_ON'?
   65 |          {ID_LED_B,  LED_B_PORT,  LED_B_PIN, LED_B_ON,  LED_B_OFF,
      |                                              ^~~~~~~~
      |                                              LED_A_ON
../app/src/task_actuator.c:65:57: error: 'LED_B_OFF' undeclared here (not in a function); did you mean 'LED_A_OFF'?
   65 |          {ID_LED_B,  LED_B_PORT,  LED_B_PIN, LED_B_ON,  LED_B_OFF,
      |                                                         ^~~~~~~~~
      |                                                         LED_A_OFF
../app/src/task_menu.c: In function 'task_menu_update':
../app/src/task_menu.c:349:66: error: 'ST_MEN_XX_IDLE' undeclared (first use in this function); did you mean 'EV_MEN_NEX_IDLE'?
  349 |                                         p_task_menu_dta->state = ST_MEN_XX_IDLE;
      |                                                                  ^~~~~~~~~~~~~~
      |                                                                  EV_MEN_NEX_IDLE
../app/src/task_menu.c:349:66: note: each undeclared identifier is reported only once for each function it appears in
make: *** [app/src/subdir.mk:46: app/src/task_actuator.o] Error 1
make: *** Waiting for unfinished jobs....
make: *** [app/src/subdir.mk:46: app/src/task_menu.o] Error 1
../app/src/task_sensor.c:66:21: error: 'BTN_B_PORT' undeclared here (not in a function); did you mean 'BTN_A_PORT'?
   66 |         {ID_BTN_B,  BTN_B_PORT,  BTN_B_PIN,  BTN_B_PRESSED, DEL_BTN_XX_MAX,
      |                     ^~~~~~~~~~
      |                     BTN_A_PORT
../app/src/task_sensor.c:66:34: error: 'BTN_B_PIN' undeclared here (not in a function); did you mean 'BTN_A_PIN'?
   66 |         {ID_BTN_B,  BTN_B_PORT,  BTN_B_PIN,  BTN_B_PRESSED, DEL_BTN_XX_MAX,
      |                                  ^~~~~~~~~
      |                                  BTN_A_PIN
../app/src/task_sensor.c:66:46: error: 'BTN_B_PRESSED' undeclared here (not in a function); did you mean 'BTN_A_PRESSED'?
   66 |         {ID_BTN_B,  BTN_B_PORT,  BTN_B_PIN,  BTN_B_PRESSED, DEL_BTN_XX_MAX,
      |                                              ^~~~~~~~~~~~~
      |                                              BTN_A_PRESSED
make: *** [app/src/subdir.mk:46: app/src/task_sensor.o] Error 1
"make -j8 all" terminated with exit code 2. Build might be incomplete.
22:08:37 **** Incremental Build of configuration Debug for project codigo_tp_final ****
make -j8 all 
arm-none-eabi-gcc "../app/src/app.c" -mcpu=cortex-m3 -std=gnu11 -g3 -DDEBUG -DUSE_HAL_DRIVER -DSTM32F103xB -c -I../Core/Inc -I../Drivers/STM32F1xx_HAL_Driver/Inc -I../Drivers/STM32F1xx_HAL_Driver/Inc/Legacy -I../Drivers/CMSIS/Device/ST/STM32F1xx/Include -I../Drivers/CMSIS/Include -I../app/inc -O0 -ffunction-sections -fdata-sections -Wall -fstack-usage -fcyclomatic-complexity -MMD -MP -MF"app/src/app.d" -MT"app/src/app.o" --specs=nano.specs -mfloat-abi=soft -mthumb -o "app/src/app.o"
arm-none-eabi-gcc "../app/src/display.c" -mcpu=cortex-m3 -std=gnu11 -g3 -DDEBUG -DUSE_HAL_DRIVER -DSTM32F103xB -c -I../Core/Inc -I../Drivers/STM32F1xx_HAL_Driver/Inc -I../Drivers/STM32F1xx_HAL_Driver/Inc/Legacy -I../Drivers/CMSIS/Device/ST/STM32F1xx/Include -I../Drivers/CMSIS/Include -I../app/inc -O0 -ffunction-sections -fdata-sections -Wall -fstack-usage -fcyclomatic-complexity -MMD -MP -MF"app/src/display.d" -MT"app/src/display.o" --specs=nano.specs -mfloat-abi=soft -mthumb -o "app/src/display.o"
arm-none-eabi-gcc "../app/src/logger.c" -mcpu=cortex-m3 -std=gnu11 -g3 -DDEBUG -DUSE_HAL_DRIVER -DSTM32F103xB -c -I../Core/Inc -I../Drivers/STM32F1xx_HAL_Driver/Inc -I../Drivers/STM32F1xx_HAL_Driver/Inc/Legacy -I../Drivers/CMSIS/Device/ST/STM32F1xx/Include -I../Drivers/CMSIS/Include -I../app/inc -O0 -ffunction-sections -fdata-sections -Wall -fstack-usage -fcyclomatic-complexity -MMD -MP -MF"app/src/logger.d" -MT"app/src/logger.o" --specs=nano.specs -mfloat-abi=soft -mthumb -o "app/src/logger.o"
arm-none-eabi-gcc "../app/src/task_actuator.c" -mcpu=cortex-m3 -std=gnu11 -g3 -DDEBUG -DUSE_HAL_DRIVER -DSTM32F103xB -c -I../Core/Inc -I../Drivers/STM32F1xx_HAL_Driver/Inc -I../Drivers/STM32F1xx_HAL_Driver/Inc/Legacy -I../Drivers/CMSIS/Device/ST/STM32F1xx/Include -I../Drivers/CMSIS/Include -I../app/inc -O0 -ffunction-sections -fdata-sections -Wall -fstack-usage -fcyclomatic-complexity -MMD -MP -MF"app/src/task_actuator.d" -MT"app/src/task_actuator.o" --specs=nano.specs -mfloat-abi=soft -mthumb -o "app/src/task_actuator.o"
arm-none-eabi-gcc "../app/src/task_actuator_interface.c" -mcpu=cortex-m3 -std=gnu11 -g3 -DDEBUG -DUSE_HAL_DRIVER -DSTM32F103xB -c -I../Core/Inc -I../Drivers/STM32F1xx_HAL_Driver/Inc -I../Drivers/STM32F1xx_HAL_Driver/Inc/Legacy -I../Drivers/CMSIS/Device/ST/STM32F1xx/Include -I../Drivers/CMSIS/Include -I../app/inc -O0 -ffunction-sections -fdata-sections -Wall -fstack-usage -fcyclomatic-complexity -MMD -MP -MF"app/src/task_actuator_interface.d" -MT"app/src/task_actuator_interface.o" --specs=nano.specs -mfloat-abi=soft -mthumb -o "app/src/task_actuator_interface.o"
arm-none-eabi-gcc "../app/src/task_menu.c" -mcpu=cortex-m3 -std=gnu11 -g3 -DDEBUG -DUSE_HAL_DRIVER -DSTM32F103xB -c -I../Core/Inc -I../Drivers/STM32F1xx_HAL_Driver/Inc -I../Drivers/STM32F1xx_HAL_Driver/Inc/Legacy -I../Drivers/CMSIS/Device/ST/STM32F1xx/Include -I../Drivers/CMSIS/Include -I../app/inc -O0 -ffunction-sections -fdata-sections -Wall -fstack-usage -fcyclomatic-complexity -MMD -MP -MF"app/src/task_menu.d" -MT"app/src/task_menu.o" --specs=nano.specs -mfloat-abi=soft -mthumb -o "app/src/task_menu.o"
arm-none-eabi-gcc "../app/src/task_menu_interface.c" -mcpu=cortex-m3 -std=gnu11 -g3 -DDEBUG -DUSE_HAL_DRIVER -DSTM32F103xB -c -I../Core/Inc -I../Drivers/STM32F1xx_HAL_Driver/Inc -I../Drivers/STM32F1xx_HAL_Driver/Inc/Legacy -I../Drivers/CMSIS/Device/ST/STM32F1xx/Include -I../Drivers/CMSIS/Include -I../app/inc -O0 -ffunction-sections -fdata-sections -Wall -fstack-usage -fcyclomatic-complexity -MMD -MP -MF"app/src/task_menu_interface.d" -MT"app/src/task_menu_interface.o" --specs=nano.specs -mfloat-abi=soft -mthumb -o "app/src/task_menu_interface.o"
arm-none-eabi-gcc "../app/src/task_sensor.c" -mcpu=cortex-m3 -std=gnu11 -g3 -DDEBUG -DUSE_HAL_DRIVER -DSTM32F103xB -c -I../Core/Inc -I../Drivers/STM32F1xx_HAL_Driver/Inc -I../Drivers/STM32F1xx_HAL_Driver/Inc/Legacy -I../Drivers/CMSIS/Device/ST/STM32F1xx/Include -I../Drivers/CMSIS/Include -I../app/inc -O0 -ffunction-sections -fdata-sections -Wall -fstack-usage -fcyclomatic-complexity -MMD -MP -MF"app/src/task_sensor.d" -MT"app/src/task_sensor.o" --specs=nano.specs -mfloat-abi=soft -mthumb -o "app/src/task_sensor.o"
../app/src/task_actuator.c:65:22: error: 'LED_B_PORT' undeclared here (not in a function); did you mean 'LED_A_PORT'?
   65 |          {ID_LED_B,  LED_B_PORT,  LED_B_PIN, LED_B_ON,  LED_B_OFF,
      |                      ^~~~~~~~~~
      |                      LED_A_PORT
../app/src/task_actuator.c:65:35: error: 'LED_B_PIN' undeclared here (not in a function); did you mean 'LED_A_PIN'?
   65 |          {ID_LED_B,  LED_B_PORT,  LED_B_PIN, LED_B_ON,  LED_B_OFF,
      |                                   ^~~~~~~~~
      |                                   LED_A_PIN
../app/src/task_actuator.c:65:46: error: 'LED_B_ON' undeclared here (not in a function); did you mean 'LED_A_ON'?
   65 |          {ID_LED_B,  LED_B_PORT,  LED_B_PIN, LED_B_ON,  LED_B_OFF,
      |                                              ^~~~~~~~
      |                                              LED_A_ON
../app/src/task_menu.c: In function 'task_menu_update':
../app/src/task_menu.c:349:66: error: 'ST_MEN_XX_IDLE' undeclared (first use in this function); did you mean 'EV_MEN_NEX_IDLE'?
  349 |                                         p_task_menu_dta->state = ST_MEN_XX_IDLE;
      |                                                                  ^~~~~~~~~~~~~~
      |                                                                  EV_MEN_NEX_IDLE
../app/src/task_menu.c:349:66: note: each undeclared identifier is reported only once for each function it appears in
../app/src/task_actuator.c:65:57: error: 'LED_B_OFF' undeclared here (not in a function); did you mean 'LED_A_OFF'?
   65 |          {ID_LED_B,  LED_B_PORT,  LED_B_PIN, LED_B_ON,  LED_B_OFF,
      |                                                         ^~~~~~~~~
      |                                                         LED_A_OFF
make: *** [app/src/subdir.mk:46: app/src/task_menu.o] Error 1
make: *** Waiting for unfinished jobs....
make: *** [app/src/subdir.mk:46: app/src/task_actuator.o] Error 1
"make -j8 all" terminated with exit code 2. Build might be incomplete.
22:12:38 **** Incremental Build of configuration Debug for project codigo_tp_final ****
make -j8 all 
arm-none-eabi-gcc "../app/src/task_actuator.c" -mcpu=cortex-m3 -std=gnu11 -g3 -DDEBUG -DUSE_HAL_DRIVER -DSTM32F103xB -c -I../Core/Inc -I../Drivers/STM32F1xx_HAL_Driver/Inc -I../Drivers/STM32F1xx_HAL_Driver/Inc/Legacy -I../Drivers/CMSIS/Device/ST/STM32F1xx/Include -I../Drivers/CMSIS/Include -I../app/inc -O0 -ffunction-sections -fdata-sections -Wall -fstack-usage -fcyclomatic-complexity -MMD -MP -MF"app/src/task_actuator.d" -MT"app/src/task_actuator.o" --specs=nano.specs -mfloat-abi=soft -mthumb -o "app/src/task_actuator.o"
arm-none-eabi-gcc "../app/src/task_menu.c" -mcpu=cortex-m3 -std=gnu11 -g3 -DDEBUG -DUSE_HAL_DRIVER -DSTM32F103xB -c -I../Core/Inc -I../Drivers/STM32F1xx_HAL_Driver/Inc -I../Drivers/STM32F1xx_HAL_Driver/Inc/Legacy -I../Drivers/CMSIS/Device/ST/STM32F1xx/Include -I../Drivers/CMSIS/Include -I../app/inc -O0 -ffunction-sections -fdata-sections -Wall -fstack-usage -fcyclomatic-complexity -MMD -MP -MF"app/src/task_menu.d" -MT"app/src/task_menu.o" --specs=nano.specs -mfloat-abi=soft -mthumb -o "app/src/task_menu.o"
arm-none-eabi-gcc "../app/src/task_sensor.c" -mcpu=cortex-m3 -std=gnu11 -g3 -DDEBUG -DUSE_HAL_DRIVER -DSTM32F103xB -c -I../Core/Inc -I../Drivers/STM32F1xx_HAL_Driver/Inc -I../Drivers/STM32F1xx_HAL_Driver/Inc/Legacy -I../Drivers/CMSIS/Device/ST/STM32F1xx/Include -I../Drivers/CMSIS/Include -I../app/inc -O0 -ffunction-sections -fdata-sections -Wall -fstack-usage -fcyclomatic-complexity -MMD -MP -MF"app/src/task_sensor.d" -MT"app/src/task_sensor.o" --specs=nano.specs -mfloat-abi=soft -mthumb -o "app/src/task_sensor.o"
arm-none-eabi-gcc "../app/src/task_system.c" -mcpu=cortex-m3 -std=gnu11 -g3 -DDEBUG -DUSE_HAL_DRIVER -DSTM32F103xB -c -I../Core/Inc -I../Drivers/STM32F1xx_HAL_Driver/Inc -I../Drivers/STM32F1xx_HAL_Driver/Inc/Legacy -I../Drivers/CMSIS/Device/ST/STM32F1xx/Include -I../Drivers/CMSIS/Include -I../app/inc -O0 -ffunction-sections -fdata-sections -Wall -fstack-usage -fcyclomatic-complexity -MMD -MP -MF"app/src/task_system.d" -MT"app/src/task_system.o" --specs=nano.specs -mfloat-abi=soft -mthumb -o "app/src/task_system.o"
arm-none-eabi-gcc "../app/src/task_system_interface.c" -mcpu=cortex-m3 -std=gnu11 -g3 -DDEBUG -DUSE_HAL_DRIVER -DSTM32F103xB -c -I../Core/Inc -I../Drivers/STM32F1xx_HAL_Driver/Inc -I../Drivers/STM32F1xx_HAL_Driver/Inc/Legacy -I../Drivers/CMSIS/Device/ST/STM32F1xx/Include -I../Drivers/CMSIS/Include -I../app/inc -O0 -ffunction-sections -fdata-sections -Wall -fstack-usage -fcyclomatic-complexity -MMD -MP -MF"app/src/task_system_interface.d" -MT"app/src/task_system_interface.o" --specs=nano.specs -mfloat-abi=soft -mthumb -o "app/src/task_system_interface.o"
arm-none-eabi-gcc "../Drivers/STM32F1xx_HAL_Driver/Src/stm32f1xx_hal.c" -mcpu=cortex-m3 -std=gnu11 -g3 -DDEBUG -DUSE_HAL_DRIVER -DSTM32F103xB -c -I../Core/Inc -I../Drivers/STM32F1xx_HAL_Driver/Inc -I../Drivers/STM32F1xx_HAL_Driver/Inc/Legacy -I../Drivers/CMSIS/Device/ST/STM32F1xx/Include -I../Drivers/CMSIS/Include -I../app/inc -O0 -ffunction-sections -fdata-sections -Wall -fstack-usage -fcyclomatic-complexity -MMD -MP -MF"Drivers/STM32F1xx_HAL_Driver/Src/stm32f1xx_hal.d" -MT"Drivers/STM32F1xx_HAL_Driver/Src/stm32f1xx_hal.o" --specs=nano.specs -mfloat-abi=soft -mthumb -o "Drivers/STM32F1xx_HAL_Driver/Src/stm32f1xx_hal.o"
arm-none-eabi-gcc "../Drivers/STM32F1xx_HAL_Driver/Src/stm32f1xx_hal_cortex.c" -mcpu=cortex-m3 -std=gnu11 -g3 -DDEBUG -DUSE_HAL_DRIVER -DSTM32F103xB -c -I../Core/Inc -I../Drivers/STM32F1xx_HAL_Driver/Inc -I../Drivers/STM32F1xx_HAL_Driver/Inc/Legacy -I../Drivers/CMSIS/Device/ST/STM32F1xx/Include -I../Drivers/CMSIS/Include -I../app/inc -O0 -ffunction-sections -fdata-sections -Wall -fstack-usage -fcyclomatic-complexity -MMD -MP -MF"Drivers/STM32F1xx_HAL_Driver/Src/stm32f1xx_hal_cortex.d" -MT"Drivers/STM32F1xx_HAL_Driver/Src/stm32f1xx_hal_cortex.o" --specs=nano.specs -mfloat-abi=soft -mthumb -o "Drivers/STM32F1xx_HAL_Driver/Src/stm32f1xx_hal_cortex.o"
arm-none-eabi-gcc "../Drivers/STM32F1xx_HAL_Driver/Src/stm32f1xx_hal_dma.c" -mcpu=cortex-m3 -std=gnu11 -g3 -DDEBUG -DUSE_HAL_DRIVER -DSTM32F103xB -c -I../Core/Inc -I../Drivers/STM32F1xx_HAL_Driver/Inc -I../Drivers/STM32F1xx_HAL_Driver/Inc/Legacy -I../Drivers/CMSIS/Device/ST/STM32F1xx/Include -I../Drivers/CMSIS/Include -I../app/inc -O0 -ffunction-sections -fdata-sections -Wall -fstack-usage -fcyclomatic-complexity -MMD -MP -MF"Drivers/STM32F1xx_HAL_Driver/Src/stm32f1xx_hal_dma.d" -MT"Drivers/STM32F1xx_HAL_Driver/Src/stm32f1xx_hal_dma.o" --specs=nano.specs -mfloat-abi=soft -mthumb -o "Drivers/STM32F1xx_HAL_Driver/Src/stm32f1xx_hal_dma.o"
../app/src/task_actuator.c:65:22: error: 'LED_B_PORT' undeclared here (not in a function); did you mean 'LED_A_PORT'?
   65 |          {ID_LED_B,  LED_B_PORT,  LED_B_PIN, LED_B_ON,  LED_B_OFF,
      |                      ^~~~~~~~~~
      |                      LED_A_PORT
../app/src/task_actuator.c:65:35: error: 'LED_B_PIN' undeclared here (not in a function); did you mean 'LED_A_PIN'?
   65 |          {ID_LED_B,  LED_B_PORT,  LED_B_PIN, LED_B_ON,  LED_B_OFF,
      |                                   ^~~~~~~~~
      |                                   LED_A_PIN
../app/src/task_actuator.c:65:46: error: 'LED_B_ON' undeclared here (not in a function); did you mean 'LED_A_ON'?
   65 |          {ID_LED_B,  LED_B_PORT,  LED_B_PIN, LED_B_ON,  LED_B_OFF,
      |                                              ^~~~~~~~
      |                                              LED_A_ON
../app/src/task_actuator.c:65:57: error: 'LED_B_OFF' undeclared here (not in a function); did you mean 'LED_A_OFF'?
   65 |          {ID_LED_B,  LED_B_PORT,  LED_B_PIN, LED_B_ON,  LED_B_OFF,
      |                                                         ^~~~~~~~~
      |                                                         LED_A_OFF
../app/src/task_menu.c: In function 'task_menu_update':
../app/src/task_menu.c:349:66: error: 'ST_MEN_XX_IDLE' undeclared (first use in this function); did you mean 'EV_MEN_NEX_IDLE'?
  349 |                                         p_task_menu_dta->state = ST_MEN_XX_IDLE;
      |                                                                  ^~~~~~~~~~~~~~
      |                                                                  EV_MEN_NEX_IDLE
make: *** [app/src/subdir.mk:46: app/src/task_actuator.o] Error 1
make: *** Waiting for unfinished jobs....
../app/src/task_menu.c:349:66: note: each undeclared identifier is reported only once for each function it appears in
make: *** [app/src/subdir.mk:46: app/src/task_menu.o] Error 1
"make -j8 all" terminated with exit code 2. Build might be incomplete.
22:18:08 **** Incremental Build of configuration Debug for project codigo_tp_final ****
make -j8 all 
arm-none-eabi-gcc "../app/src/task_actuator.c" -mcpu=cortex-m3 -std=gnu11 -g3 -DDEBUG -DUSE_HAL_DRIVER -DSTM32F103xB -c -I../Core/Inc -I../Drivers/STM32F1xx_HAL_Driver/Inc -I../Drivers/STM32F1xx_HAL_Driver/Inc/Legacy -I../Drivers/CMSIS/Device/ST/STM32F1xx/Include -I../Drivers/CMSIS/Include -I../app/inc -O0 -ffunction-sections -fdata-sections -Wall -fstack-usage -fcyclomatic-complexity -MMD -MP -MF"app/src/task_actuator.d" -MT"app/src/task_actuator.o" --specs=nano.specs -mfloat-abi=soft -mthumb -o "app/src/task_actuator.o"
arm-none-eabi-gcc "../app/src/task_menu.c" -mcpu=cortex-m3 -std=gnu11 -g3 -DDEBUG -DUSE_HAL_DRIVER -DSTM32F103xB -c -I../Core/Inc -I../Drivers/STM32F1xx_HAL_Driver/Inc -I../Drivers/STM32F1xx_HAL_Driver/Inc/Legacy -I../Drivers/CMSIS/Device/ST/STM32F1xx/Include -I../Drivers/CMSIS/Include -I../app/inc -O0 -ffunction-sections -fdata-sections -Wall -fstack-usage -fcyclomatic-complexity -MMD -MP -MF"app/src/task_menu.d" -MT"app/src/task_menu.o" --specs=nano.specs -mfloat-abi=soft -mthumb -o "app/src/task_menu.o"
arm-none-eabi-gcc "../Drivers/STM32F1xx_HAL_Driver/Src/stm32f1xx_hal_exti.c" -mcpu=cortex-m3 -std=gnu11 -g3 -DDEBUG -DUSE_HAL_DRIVER -DSTM32F103xB -c -I../Core/Inc -I../Drivers/STM32F1xx_HAL_Driver/Inc -I../Drivers/STM32F1xx_HAL_Driver/Inc/Legacy -I../Drivers/CMSIS/Device/ST/STM32F1xx/Include -I../Drivers/CMSIS/Include -I../app/inc -O0 -ffunction-sections -fdata-sections -Wall -fstack-usage -fcyclomatic-complexity -MMD -MP -MF"Drivers/STM32F1xx_HAL_Driver/Src/stm32f1xx_hal_exti.d" -MT"Drivers/STM32F1xx_HAL_Driver/Src/stm32f1xx_hal_exti.o" --specs=nano.specs -mfloat-abi=soft -mthumb -o "Drivers/STM32F1xx_HAL_Driver/Src/stm32f1xx_hal_exti.o"
arm-none-eabi-gcc "../Drivers/STM32F1xx_HAL_Driver/Src/stm32f1xx_hal_flash.c" -mcpu=cortex-m3 -std=gnu11 -g3 -DDEBUG -DUSE_HAL_DRIVER -DSTM32F103xB -c -I../Core/Inc -I../Drivers/STM32F1xx_HAL_Driver/Inc -I../Drivers/STM32F1xx_HAL_Driver/Inc/Legacy -I../Drivers/CMSIS/Device/ST/STM32F1xx/Include -I../Drivers/CMSIS/Include -I../app/inc -O0 -ffunction-sections -fdata-sections -Wall -fstack-usage -fcyclomatic-complexity -MMD -MP -MF"Drivers/STM32F1xx_HAL_Driver/Src/stm32f1xx_hal_flash.d" -MT"Drivers/STM32F1xx_HAL_Driver/Src/stm32f1xx_hal_flash.o" --specs=nano.specs -mfloat-abi=soft -mthumb -o "Drivers/STM32F1xx_HAL_Driver/Src/stm32f1xx_hal_flash.o"
arm-none-eabi-gcc "../Drivers/STM32F1xx_HAL_Driver/Src/stm32f1xx_hal_flash_ex.c" -mcpu=cortex-m3 -std=gnu11 -g3 -DDEBUG -DUSE_HAL_DRIVER -DSTM32F103xB -c -I../Core/Inc -I../Drivers/STM32F1xx_HAL_Driver/Inc -I../Drivers/STM32F1xx_HAL_Driver/Inc/Legacy -I../Drivers/CMSIS/Device/ST/STM32F1xx/Include -I../Drivers/CMSIS/Include -I../app/inc -O0 -ffunction-sections -fdata-sections -Wall -fstack-usage -fcyclomatic-complexity -MMD -MP -MF"Drivers/STM32F1xx_HAL_Driver/Src/stm32f1xx_hal_flash_ex.d" -MT"Drivers/STM32F1xx_HAL_Driver/Src/stm32f1xx_hal_flash_ex.o" --specs=nano.specs -mfloat-abi=soft -mthumb -o "Drivers/STM32F1xx_HAL_Driver/Src/stm32f1xx_hal_flash_ex.o"
arm-none-eabi-gcc "../Drivers/STM32F1xx_HAL_Driver/Src/stm32f1xx_hal_gpio.c" -mcpu=cortex-m3 -std=gnu11 -g3 -DDEBUG -DUSE_HAL_DRIVER -DSTM32F103xB -c -I../Core/Inc -I../Drivers/STM32F1xx_HAL_Driver/Inc -I../Drivers/STM32F1xx_HAL_Driver/Inc/Legacy -I../Drivers/CMSIS/Device/ST/STM32F1xx/Include -I../Drivers/CMSIS/Include -I../app/inc -O0 -ffunction-sections -fdata-sections -Wall -fstack-usage -fcyclomatic-complexity -MMD -MP -MF"Drivers/STM32F1xx_HAL_Driver/Src/stm32f1xx_hal_gpio.d" -MT"Drivers/STM32F1xx_HAL_Driver/Src/stm32f1xx_hal_gpio.o" --specs=nano.specs -mfloat-abi=soft -mthumb -o "Drivers/STM32F1xx_HAL_Driver/Src/stm32f1xx_hal_gpio.o"
arm-none-eabi-gcc "../Drivers/STM32F1xx_HAL_Driver/Src/stm32f1xx_hal_gpio_ex.c" -mcpu=cortex-m3 -std=gnu11 -g3 -DDEBUG -DUSE_HAL_DRIVER -DSTM32F103xB -c -I../Core/Inc -I../Drivers/STM32F1xx_HAL_Driver/Inc -I../Drivers/STM32F1xx_HAL_Driver/Inc/Legacy -I../Drivers/CMSIS/Device/ST/STM32F1xx/Include -I../Drivers/CMSIS/Include -I../app/inc -O0 -ffunction-sections -fdata-sections -Wall -fstack-usage -fcyclomatic-complexity -MMD -MP -MF"Drivers/STM32F1xx_HAL_Driver/Src/stm32f1xx_hal_gpio_ex.d" -MT"Drivers/STM32F1xx_HAL_Driver/Src/stm32f1xx_hal_gpio_ex.o" --specs=nano.specs -mfloat-abi=soft -mthumb -o "Drivers/STM32F1xx_HAL_Driver/Src/stm32f1xx_hal_gpio_ex.o"
arm-none-eabi-gcc "../Drivers/STM32F1xx_HAL_Driver/Src/stm32f1xx_hal_pwr.c" -mcpu=cortex-m3 -std=gnu11 -g3 -DDEBUG -DUSE_HAL_DRIVER -DSTM32F103xB -c -I../Core/Inc -I../Drivers/STM32F1xx_HAL_Driver/Inc -I../Drivers/STM32F1xx_HAL_Driver/Inc/Legacy -I../Drivers/CMSIS/Device/ST/STM32F1xx/Include -I../Drivers/CMSIS/Include -I../app/inc -O0 -ffunction-sections -fdata-sections -Wall -fstack-usage -fcyclomatic-complexity -MMD -MP -MF"Drivers/STM32F1xx_HAL_Driver/Src/stm32f1xx_hal_pwr.d" -MT"Drivers/STM32F1xx_HAL_Driver/Src/stm32f1xx_hal_pwr.o" --specs=nano.specs -mfloat-abi=soft -mthumb -o "Drivers/STM32F1xx_HAL_Driver/Src/stm32f1xx_hal_pwr.o"
../app/src/task_actuator.c:65:11: error: 'ID_LED_WARNING' undeclared here (not in a function)
   65 |          {ID_LED_WARNING,  LED_WARNING_PORT,  LED_WARNING_PIN, LED_WARNING_ON,  LED_WARNING_OFF,
      |           ^~~~~~~~~~~~~~
../app/src/task_actuator.c:67:12: error: 'ID_LED_UP' undeclared here (not in a function); did you mean 'ID_LED_B'?
   67 |           {ID_LED_UP,  LED_UP_PORT,  LED_UP_PIN, LED_UP_ON,  LED_UP_OFF,
      |            ^~~~~~~~~
      |            ID_LED_B
../app/src/task_actuator.c:69:12: error: 'ID_LED_DOWN' undeclared here (not in a function); did you mean 'ID_LED_B'?
   69 |           {ID_LED_DOWN,  LED_DOWN_PORT,  LED_DOWN_PIN, LED_DOWN_ON,  LED_DOWN_OFF,
      |            ^~~~~~~~~~~
      |            ID_LED_B
../app/src/task_menu.c: In function 'task_menu_update':
../app/src/task_menu.c:349:66: error: 'ST_MEN_XX_IDLE' undeclared (first use in this function); did you mean 'EV_MEN_NEX_IDLE'?
  349 |                                         p_task_menu_dta->state = ST_MEN_XX_IDLE;
      |                                                                  ^~~~~~~~~~~~~~
      |                                                                  EV_MEN_NEX_IDLE
../app/src/task_menu.c:349:66: note: each undeclared identifier is reported only once for each function it appears in
make: *** [app/src/subdir.mk:46: app/src/task_actuator.o] Error 1
make: *** Waiting for unfinished jobs....
make: *** [app/src/subdir.mk:46: app/src/task_menu.o] Error 1
"make -j8 all" terminated with exit code 2. Build might be incomplete.
22:19:17 **** Incremental Build of configuration Debug for project codigo_tp_final ****
make -j8 all 
arm-none-eabi-gcc "../app/src/task_actuator.c" -mcpu=cortex-m3 -std=gnu11 -g3 -DDEBUG -DUSE_HAL_DRIVER -DSTM32F103xB -c -I../Core/Inc -I../Drivers/STM32F1xx_HAL_Driver/Inc -I../Drivers/STM32F1xx_HAL_Driver/Inc/Legacy -I../Drivers/CMSIS/Device/ST/STM32F1xx/Include -I../Drivers/CMSIS/Include -I../app/inc -O0 -ffunction-sections -fdata-sections -Wall -fstack-usage -fcyclomatic-complexity -MMD -MP -MF"app/src/task_actuator.d" -MT"app/src/task_actuator.o" --specs=nano.specs -mfloat-abi=soft -mthumb -o "app/src/task_actuator.o"
arm-none-eabi-gcc "../app/src/task_actuator_interface.c" -mcpu=cortex-m3 -std=gnu11 -g3 -DDEBUG -DUSE_HAL_DRIVER -DSTM32F103xB -c -I../Core/Inc -I../Drivers/STM32F1xx_HAL_Driver/Inc -I../Drivers/STM32F1xx_HAL_Driver/Inc/Legacy -I../Drivers/CMSIS/Device/ST/STM32F1xx/Include -I../Drivers/CMSIS/Include -I../app/inc -O0 -ffunction-sections -fdata-sections -Wall -fstack-usage -fcyclomatic-complexity -MMD -MP -MF"app/src/task_actuator_interface.d" -MT"app/src/task_actuator_interface.o" --specs=nano.specs -mfloat-abi=soft -mthumb -o "app/src/task_actuator_interface.o"
arm-none-eabi-gcc "../app/src/task_menu.c" -mcpu=cortex-m3 -std=gnu11 -g3 -DDEBUG -DUSE_HAL_DRIVER -DSTM32F103xB -c -I../Core/Inc -I../Drivers/STM32F1xx_HAL_Driver/Inc -I../Drivers/STM32F1xx_HAL_Driver/Inc/Legacy -I../Drivers/CMSIS/Device/ST/STM32F1xx/Include -I../Drivers/CMSIS/Include -I../app/inc -O0 -ffunction-sections -fdata-sections -Wall -fstack-usage -fcyclomatic-complexity -MMD -MP -MF"app/src/task_menu.d" -MT"app/src/task_menu.o" --specs=nano.specs -mfloat-abi=soft -mthumb -o "app/src/task_menu.o"
arm-none-eabi-gcc "../app/src/task_system.c" -mcpu=cortex-m3 -std=gnu11 -g3 -DDEBUG -DUSE_HAL_DRIVER -DSTM32F103xB -c -I../Core/Inc -I../Drivers/STM32F1xx_HAL_Driver/Inc -I../Drivers/STM32F1xx_HAL_Driver/Inc/Legacy -I../Drivers/CMSIS/Device/ST/STM32F1xx/Include -I../Drivers/CMSIS/Include -I../app/inc -O0 -ffunction-sections -fdata-sections -Wall -fstack-usage -fcyclomatic-complexity -MMD -MP -MF"app/src/task_system.d" -MT"app/src/task_system.o" --specs=nano.specs -mfloat-abi=soft -mthumb -o "app/src/task_system.o"
arm-none-eabi-gcc "../Drivers/STM32F1xx_HAL_Driver/Src/stm32f1xx_hal_rcc.c" -mcpu=cortex-m3 -std=gnu11 -g3 -DDEBUG -DUSE_HAL_DRIVER -DSTM32F103xB -c -I../Core/Inc -I../Drivers/STM32F1xx_HAL_Driver/Inc -I../Drivers/STM32F1xx_HAL_Driver/Inc/Legacy -I../Drivers/CMSIS/Device/ST/STM32F1xx/Include -I../Drivers/CMSIS/Include -I../app/inc -O0 -ffunction-sections -fdata-sections -Wall -fstack-usage -fcyclomatic-complexity -MMD -MP -MF"Drivers/STM32F1xx_HAL_Driver/Src/stm32f1xx_hal_rcc.d" -MT"Drivers/STM32F1xx_HAL_Driver/Src/stm32f1xx_hal_rcc.o" --specs=nano.specs -mfloat-abi=soft -mthumb -o "Drivers/STM32F1xx_HAL_Driver/Src/stm32f1xx_hal_rcc.o"
arm-none-eabi-gcc "../Drivers/STM32F1xx_HAL_Driver/Src/stm32f1xx_hal_rcc_ex.c" -mcpu=cortex-m3 -std=gnu11 -g3 -DDEBUG -DUSE_HAL_DRIVER -DSTM32F103xB -c -I../Core/Inc -I../Drivers/STM32F1xx_HAL_Driver/Inc -I../Drivers/STM32F1xx_HAL_Driver/Inc/Legacy -I../Drivers/CMSIS/Device/ST/STM32F1xx/Include -I../Drivers/CMSIS/Include -I../app/inc -O0 -ffunction-sections -fdata-sections -Wall -fstack-usage -fcyclomatic-complexity -MMD -MP -MF"Drivers/STM32F1xx_HAL_Driver/Src/stm32f1xx_hal_rcc_ex.d" -MT"Drivers/STM32F1xx_HAL_Driver/Src/stm32f1xx_hal_rcc_ex.o" --specs=nano.specs -mfloat-abi=soft -mthumb -o "Drivers/STM32F1xx_HAL_Driver/Src/stm32f1xx_hal_rcc_ex.o"
arm-none-eabi-gcc "../Drivers/STM32F1xx_HAL_Driver/Src/stm32f1xx_hal_uart.c" -mcpu=cortex-m3 -std=gnu11 -g3 -DDEBUG -DUSE_HAL_DRIVER -DSTM32F103xB -c -I../Core/Inc -I../Drivers/STM32F1xx_HAL_Driver/Inc -I../Drivers/STM32F1xx_HAL_Driver/Inc/Legacy -I../Drivers/CMSIS/Device/ST/STM32F1xx/Include -I../Drivers/CMSIS/Include -I../app/inc -O0 -ffunction-sections -fdata-sections -Wall -fstack-usage -fcyclomatic-complexity -MMD -MP -MF"Drivers/STM32F1xx_HAL_Driver/Src/stm32f1xx_hal_uart.d" -MT"Drivers/STM32F1xx_HAL_Driver/Src/stm32f1xx_hal_uart.o" --specs=nano.specs -mfloat-abi=soft -mthumb -o "Drivers/STM32F1xx_HAL_Driver/Src/stm32f1xx_hal_uart.o"
arm-none-eabi-gcc -mcpu=cortex-m3 -g3 -DDEBUG -c -x assembler-with-cpp -MMD -MP -MF"Core/Startup/startup_stm32f103rbtx.d" -MT"Core/Startup/startup_stm32f103rbtx.o" --specs=nano.specs -mfloat-abi=soft -mthumb -o "Core/Startup/startup_stm32f103rbtx.o" "../Core/Startup/startup_stm32f103rbtx.s"
../app/src/task_menu.c: In function 'task_menu_update':
../app/src/task_menu.c:349:66: error: 'ST_MEN_XX_IDLE' undeclared (first use in this function); did you mean 'EV_MEN_NEX_IDLE'?
  349 |                                         p_task_menu_dta->state = ST_MEN_XX_IDLE;
      |                                                                  ^~~~~~~~~~~~~~
      |                                                                  EV_MEN_NEX_IDLE
../app/src/task_menu.c:349:66: note: each undeclared identifier is reported only once for each function it appears in
../app/src/task_system.c: In function 'task_system_update':
../app/src/task_system.c:163:79: error: 'ID_LED_B' undeclared (first use in this function); did you mean 'ID_LED_A'?
  163 |                                         put_event_task_actuator(EV_LED_XX_ON, ID_LED_B);
      |                                                                               ^~~~~~~~
      |                                                                               ID_LED_A
../app/src/task_system.c:163:79: note: each undeclared identifier is reported only once for each function it appears in
arm-none-eabi-gcc "../Core/Src/main.c" -mcpu=cortex-m3 -std=gnu11 -g3 -DDEBUG -DUSE_HAL_DRIVER -DSTM32F103xB -c -I../Core/Inc -I../Drivers/STM32F1xx_HAL_Driver/Inc -I../Drivers/STM32F1xx_HAL_Driver/Inc/Legacy -I../Drivers/CMSIS/Device/ST/STM32F1xx/Include -I../Drivers/CMSIS/Include -I../app/inc -O0 -ffunction-sections -fdata-sections -Wall -fstack-usage -fcyclomatic-complexity -MMD -MP -MF"Core/Src/main.d" -MT"Core/Src/main.o" --specs=nano.specs -mfloat-abi=soft -mthumb -o "Core/Src/main.o"
make: *** [app/src/subdir.mk:46: app/src/task_menu.o] Error 1
make: *** Waiting for unfinished jobs....
make: *** [app/src/subdir.mk:46: app/src/task_system.o] Error 1
"make -j8 all" terminated with exit code 2. Build might be incomplete.
22:27:48 **** Incremental Build of configuration Debug for project codigo_tp_final ****
make -j8 all 
arm-none-eabi-gcc "../app/src/task_menu.c" -mcpu=cortex-m3 -std=gnu11 -g3 -DDEBUG -DUSE_HAL_DRIVER -DSTM32F103xB -c -I../Core/Inc -I../Drivers/STM32F1xx_HAL_Driver/Inc -I../Drivers/STM32F1xx_HAL_Driver/Inc/Legacy -I../Drivers/CMSIS/Device/ST/STM32F1xx/Include -I../Drivers/CMSIS/Include -I../app/inc -O0 -ffunction-sections -fdata-sections -Wall -fstack-usage -fcyclomatic-complexity -MMD -MP -MF"app/src/task_menu.d" -MT"app/src/task_menu.o" --specs=nano.specs -mfloat-abi=soft -mthumb -o "app/src/task_menu.o"
arm-none-eabi-gcc "../app/src/task_menu_interface.c" -mcpu=cortex-m3 -std=gnu11 -g3 -DDEBUG -DUSE_HAL_DRIVER -DSTM32F103xB -c -I../Core/Inc -I../Drivers/STM32F1xx_HAL_Driver/Inc -I../Drivers/STM32F1xx_HAL_Driver/Inc/Legacy -I../Drivers/CMSIS/Device/ST/STM32F1xx/Include -I../Drivers/CMSIS/Include -I../app/inc -O0 -ffunction-sections -fdata-sections -Wall -fstack-usage -fcyclomatic-complexity -MMD -MP -MF"app/src/task_menu_interface.d" -MT"app/src/task_menu_interface.o" --specs=nano.specs -mfloat-abi=soft -mthumb -o "app/src/task_menu_interface.o"
arm-none-eabi-gcc "../app/src/task_system.c" -mcpu=cortex-m3 -std=gnu11 -g3 -DDEBUG -DUSE_HAL_DRIVER -DSTM32F103xB -c -I../Core/Inc -I../Drivers/STM32F1xx_HAL_Driver/Inc -I../Drivers/STM32F1xx_HAL_Driver/Inc/Legacy -I../Drivers/CMSIS/Device/ST/STM32F1xx/Include -I../Drivers/CMSIS/Include -I../app/inc -O0 -ffunction-sections -fdata-sections -Wall -fstack-usage -fcyclomatic-complexity -MMD -MP -MF"app/src/task_system.d" -MT"app/src/task_system.o" --specs=nano.specs -mfloat-abi=soft -mthumb -o "app/src/task_system.o"
arm-none-eabi-gcc "../Core/Src/stm32f1xx_hal_msp.c" -mcpu=cortex-m3 -std=gnu11 -g3 -DDEBUG -DUSE_HAL_DRIVER -DSTM32F103xB -c -I../Core/Inc -I../Drivers/STM32F1xx_HAL_Driver/Inc -I../Drivers/STM32F1xx_HAL_Driver/Inc/Legacy -I../Drivers/CMSIS/Device/ST/STM32F1xx/Include -I../Drivers/CMSIS/Include -I../app/inc -O0 -ffunction-sections -fdata-sections -Wall -fstack-usage -fcyclomatic-complexity -MMD -MP -MF"Core/Src/stm32f1xx_hal_msp.d" -MT"Core/Src/stm32f1xx_hal_msp.o" --specs=nano.specs -mfloat-abi=soft -mthumb -o "Core/Src/stm32f1xx_hal_msp.o"
arm-none-eabi-gcc "../Core/Src/stm32f1xx_it.c" -mcpu=cortex-m3 -std=gnu11 -g3 -DDEBUG -DUSE_HAL_DRIVER -DSTM32F103xB -c -I../Core/Inc -I../Drivers/STM32F1xx_HAL_Driver/Inc -I../Drivers/STM32F1xx_HAL_Driver/Inc/Legacy -I../Drivers/CMSIS/Device/ST/STM32F1xx/Include -I../Drivers/CMSIS/Include -I../app/inc -O0 -ffunction-sections -fdata-sections -Wall -fstack-usage -fcyclomatic-complexity -MMD -MP -MF"Core/Src/stm32f1xx_it.d" -MT"Core/Src/stm32f1xx_it.o" --specs=nano.specs -mfloat-abi=soft -mthumb -o "Core/Src/stm32f1xx_it.o"
arm-none-eabi-gcc "../Core/Src/sysmem.c" -mcpu=cortex-m3 -std=gnu11 -g3 -DDEBUG -DUSE_HAL_DRIVER -DSTM32F103xB -c -I../Core/Inc -I../Drivers/STM32F1xx_HAL_Driver/Inc -I../Drivers/STM32F1xx_HAL_Driver/Inc/Legacy -I../Drivers/CMSIS/Device/ST/STM32F1xx/Include -I../Drivers/CMSIS/Include -I../app/inc -O0 -ffunction-sections -fdata-sections -Wall -fstack-usage -fcyclomatic-complexity -MMD -MP -MF"Core/Src/sysmem.d" -MT"Core/Src/sysmem.o" --specs=nano.specs -mfloat-abi=soft -mthumb -o "Core/Src/sysmem.o"
arm-none-eabi-gcc "../Core/Src/system_stm32f1xx.c" -mcpu=cortex-m3 -std=gnu11 -g3 -DDEBUG -DUSE_HAL_DRIVER -DSTM32F103xB -c -I../Core/Inc -I../Drivers/STM32F1xx_HAL_Driver/Inc -I../Drivers/STM32F1xx_HAL_Driver/Inc/Legacy -I../Drivers/CMSIS/Device/ST/STM32F1xx/Include -I../Drivers/CMSIS/Include -I../app/inc -O0 -ffunction-sections -fdata-sections -Wall -fstack-usage -fcyclomatic-complexity -MMD -MP -MF"Core/Src/system_stm32f1xx.d" -MT"Core/Src/system_stm32f1xx.o" --specs=nano.specs -mfloat-abi=soft -mthumb -o "Core/Src/system_stm32f1xx.o"
../app/src/task_system.c: In function 'task_system_update':
../app/src/task_system.c:163:79: error: 'ID_LED_B' undeclared (first use in this function); did you mean 'ID_LED_A'?
  163 |                                         put_event_task_actuator(EV_LED_XX_ON, ID_LED_B);
      |                                                                               ^~~~~~~~
      |                                                                               ID_LED_A
../app/src/task_system.c:163:79: note: each undeclared identifier is reported only once for each function it appears in
make: *** [app/src/subdir.mk:46: app/src/task_system.o] Error 1
make: *** Waiting for unfinished jobs....
"make -j8 all" terminated with exit code 2. Build might be incomplete.
22:28:33 **** Incremental Build of configuration Debug for project codigo_tp_final ****
make -j8 all 
arm-none-eabi-gcc "../app/src/task_system.c" -mcpu=cortex-m3 -std=gnu11 -g3 -DDEBUG -DUSE_HAL_DRIVER -DSTM32F103xB -c -I../Core/Inc -I../Drivers/STM32F1xx_HAL_Driver/Inc -I../Drivers/STM32F1xx_HAL_Driver/Inc/Legacy -I../Drivers/CMSIS/Device/ST/STM32F1xx/Include -I../Drivers/CMSIS/Include -I../app/inc -O0 -ffunction-sections -fdata-sections -Wall -fstack-usage -fcyclomatic-complexity -MMD -MP -MF"app/src/task_system.d" -MT"app/src/task_system.o" --specs=nano.specs -mfloat-abi=soft -mthumb -o "app/src/task_system.o"
../app/src/task_system.c: In function 'task_system_update':
../app/src/task_system.c:175:80: error: 'ID_LED_B' undeclared (first use in this function); did you mean 'ID_LED_A'?
  175 |                                         put_event_task_actuator(EV_LED_XX_OFF, ID_LED_B);
      |                                                                                ^~~~~~~~
      |                                                                                ID_LED_A
../app/src/task_system.c:175:80: note: each undeclared identifier is reported only once for each function it appears in
make: *** [app/src/subdir.mk:46: app/src/task_system.o] Error 1
"make -j8 all" terminated with exit code 2. Build might be incomplete.
22:28:41 **** Incremental Build of configuration Debug for project codigo_tp_final ****
make -j8 all 
arm-none-eabi-gcc "../app/src/task_system.c" -mcpu=cortex-m3 -std=gnu11 -g3 -DDEBUG -DUSE_HAL_DRIVER -DSTM32F103xB -c -I../Core/Inc -I../Drivers/STM32F1xx_HAL_Driver/Inc -I../Drivers/STM32F1xx_HAL_Driver/Inc/Legacy -I../Drivers/CMSIS/Device/ST/STM32F1xx/Include -I../Drivers/CMSIS/Include -I../app/inc -O0 -ffunction-sections -fdata-sections -Wall -fstack-usage -fcyclomatic-complexity -MMD -MP -MF"app/src/task_system.d" -MT"app/src/task_system.o" --specs=nano.specs -mfloat-abi=soft -mthumb -o "app/src/task_system.o"
arm-none-eabi-gcc -o "codigo_tp_final.elf" @"objects.list"  -lrdimon -mcpu=cortex-m3 -T"C:\Users\pc\Desktop\FIUBA\2025 - 1C\TALLER DE SISTEMAS EMBEBIDOS\Archivos STM32CubeIDE\tdse-tpf_1-03-main\codigo_tp_final\STM32F103RBTX_FLASH.ld" --specs=nosys.specs -Wl,-Map="codigo_tp_final.map" -Wl,--gc-sections -static -specs=rdimon.specs --specs=nano.specs -mfloat-abi=soft -mthumb -Wl,--start-group -lc -lm -Wl,--end-group
C:/ST/STM32CubeIDE_1.17.0/STM32CubeIDE/plugins/com.st.stm32cube.ide.mcu.externaltools.gnu-tools-for-stm32.12.3.rel1.win32_1.1.0.202410251130/tools/bin/../lib/gcc/arm-none-eabi/12.3.1/../../../../arm-none-eabi/bin/ld.exe: ./app/src/task_system_interface.o:C:/Users/pc/Desktop/FIUBA/2025 - 1C/TALLER DE SISTEMAS EMBEBIDOS/Archivos STM32CubeIDE/tdse-tpf_1-03-main/codigo_tp_final/Debug/../app/src/task_system_interface.c:67: multiple definition of `queue_task_a'; ./app/src/task_menu_interface.o:C:/Users/pc/Desktop/FIUBA/2025 - 1C/TALLER DE SISTEMAS EMBEBIDOS/Archivos STM32CubeIDE/tdse-tpf_1-03-main/codigo_tp_final/Debug/../app/src/task_menu_interface.c:67: first defined here
collect2.exe: error: ld returned 1 exit status
make: *** [makefile:65: codigo_tp_final.elf] Error 1
"make -j8 all" terminated with exit code 2. Build might be incomplete.
22:32:46 **** Incremental Build of configuration Debug for project codigo_tp_final ****
make -j8 all 
arm-none-eabi-gcc "../app/src/task_menu_interface.c" -mcpu=cortex-m3 -std=gnu11 -g3 -DDEBUG -DUSE_HAL_DRIVER -DSTM32F103xB -c -I../Core/Inc -I../Drivers/STM32F1xx_HAL_Driver/Inc -I../Drivers/STM32F1xx_HAL_Driver/Inc/Legacy -I../Drivers/CMSIS/Device/ST/STM32F1xx/Include -I../Drivers/CMSIS/Include -I../app/inc -O0 -ffunction-sections -fdata-sections -Wall -fstack-usage -fcyclomatic-complexity -MMD -MP -MF"app/src/task_menu_interface.d" -MT"app/src/task_menu_interface.o" --specs=nano.specs -mfloat-abi=soft -mthumb -o "app/src/task_menu_interface.o"
arm-none-eabi-gcc -o "codigo_tp_final.elf" @"objects.list"  -lrdimon -mcpu=cortex-m3 -T"C:\Users\pc\Desktop\FIUBA\2025 - 1C\TALLER DE SISTEMAS EMBEBIDOS\Archivos STM32CubeIDE\tdse-tpf_1-03-main\codigo_tp_final\STM32F103RBTX_FLASH.ld" --specs=nosys.specs -Wl,-Map="codigo_tp_final.map" -Wl,--gc-sections -static -specs=rdimon.specs --specs=nano.specs -mfloat-abi=soft -mthumb -Wl,--start-group -lc -lm -Wl,--end-group
Finished building target: codigo_tp_final.elf
 
arm-none-eabi-size  codigo_tp_final.elf 
arm-none-eabi-objdump -h -S codigo_tp_final.elf  > "codigo_tp_final.list"
   text	   data	    bss	    dec	    hex	filename
  17124	    164	   2332	  19620	   4ca4	codigo_tp_final.elf
Finished building: default.size.stdout
 
Finished building: codigo_tp_final.list
 
22:57:51 **** Incremental Build of configuration Debug for project codigo_tp_final ****
make -j8 all 
arm-none-eabi-gcc "../app/src/app.c" -mcpu=cortex-m3 -std=gnu11 -g3 -DDEBUG -DUSE_HAL_DRIVER -DSTM32F103xB -c -I../Core/Inc -I../Drivers/STM32F1xx_HAL_Driver/Inc -I../Drivers/STM32F1xx_HAL_Driver/Inc/Legacy -I../Drivers/CMSIS/Device/ST/STM32F1xx/Include -I../Drivers/CMSIS/Include -I../app/inc -O0 -ffunction-sections -fdata-sections -Wall -fstack-usage -fcyclomatic-complexity -MMD -MP -MF"app/src/app.d" -MT"app/src/app.o" --specs=nano.specs -mfloat-abi=soft -mthumb -o "app/src/app.o"
arm-none-eabi-gcc "../app/src/display.c" -mcpu=cortex-m3 -std=gnu11 -g3 -DDEBUG -DUSE_HAL_DRIVER -DSTM32F103xB -c -I../Core/Inc -I../Drivers/STM32F1xx_HAL_Driver/Inc -I../Drivers/STM32F1xx_HAL_Driver/Inc/Legacy -I../Drivers/CMSIS/Device/ST/STM32F1xx/Include -I../Drivers/CMSIS/Include -I../app/inc -O0 -ffunction-sections -fdata-sections -Wall -fstack-usage -fcyclomatic-complexity -MMD -MP -MF"app/src/display.d" -MT"app/src/display.o" --specs=nano.specs -mfloat-abi=soft -mthumb -o "app/src/display.o"
arm-none-eabi-gcc "../app/src/logger.c" -mcpu=cortex-m3 -std=gnu11 -g3 -DDEBUG -DUSE_HAL_DRIVER -DSTM32F103xB -c -I../Core/Inc -I../Drivers/STM32F1xx_HAL_Driver/Inc -I../Drivers/STM32F1xx_HAL_Driver/Inc/Legacy -I../Drivers/CMSIS/Device/ST/STM32F1xx/Include -I../Drivers/CMSIS/Include -I../app/inc -O0 -ffunction-sections -fdata-sections -Wall -fstack-usage -fcyclomatic-complexity -MMD -MP -MF"app/src/logger.d" -MT"app/src/logger.o" --specs=nano.specs -mfloat-abi=soft -mthumb -o "app/src/logger.o"
arm-none-eabi-gcc "../app/src/task_actuator.c" -mcpu=cortex-m3 -std=gnu11 -g3 -DDEBUG -DUSE_HAL_DRIVER -DSTM32F103xB -c -I../Core/Inc -I../Drivers/STM32F1xx_HAL_Driver/Inc -I../Drivers/STM32F1xx_HAL_Driver/Inc/Legacy -I../Drivers/CMSIS/Device/ST/STM32F1xx/Include -I../Drivers/CMSIS/Include -I../app/inc -O0 -ffunction-sections -fdata-sections -Wall -fstack-usage -fcyclomatic-complexity -MMD -MP -MF"app/src/task_actuator.d" -MT"app/src/task_actuator.o" --specs=nano.specs -mfloat-abi=soft -mthumb -o "app/src/task_actuator.o"
arm-none-eabi-gcc "../app/src/task_actuator_interface.c" -mcpu=cortex-m3 -std=gnu11 -g3 -DDEBUG -DUSE_HAL_DRIVER -DSTM32F103xB -c -I../Core/Inc -I../Drivers/STM32F1xx_HAL_Driver/Inc -I../Drivers/STM32F1xx_HAL_Driver/Inc/Legacy -I../Drivers/CMSIS/Device/ST/STM32F1xx/Include -I../Drivers/CMSIS/Include -I../app/inc -O0 -ffunction-sections -fdata-sections -Wall -fstack-usage -fcyclomatic-complexity -MMD -MP -MF"app/src/task_actuator_interface.d" -MT"app/src/task_actuator_interface.o" --specs=nano.specs -mfloat-abi=soft -mthumb -o "app/src/task_actuator_interface.o"
arm-none-eabi-gcc "../app/src/task_menu.c" -mcpu=cortex-m3 -std=gnu11 -g3 -DDEBUG -DUSE_HAL_DRIVER -DSTM32F103xB -c -I../Core/Inc -I../Drivers/STM32F1xx_HAL_Driver/Inc -I../Drivers/STM32F1xx_HAL_Driver/Inc/Legacy -I../Drivers/CMSIS/Device/ST/STM32F1xx/Include -I../Drivers/CMSIS/Include -I../app/inc -O0 -ffunction-sections -fdata-sections -Wall -fstack-usage -fcyclomatic-complexity -MMD -MP -MF"app/src/task_menu.d" -MT"app/src/task_menu.o" --specs=nano.specs -mfloat-abi=soft -mthumb -o "app/src/task_menu.o"
arm-none-eabi-gcc "../app/src/task_menu_interface.c" -mcpu=cortex-m3 -std=gnu11 -g3 -DDEBUG -DUSE_HAL_DRIVER -DSTM32F103xB -c -I../Core/Inc -I../Drivers/STM32F1xx_HAL_Driver/Inc -I../Drivers/STM32F1xx_HAL_Driver/Inc/Legacy -I../Drivers/CMSIS/Device/ST/STM32F1xx/Include -I../Drivers/CMSIS/Include -I../app/inc -O0 -ffunction-sections -fdata-sections -Wall -fstack-usage -fcyclomatic-complexity -MMD -MP -MF"app/src/task_menu_interface.d" -MT"app/src/task_menu_interface.o" --specs=nano.specs -mfloat-abi=soft -mthumb -o "app/src/task_menu_interface.o"
arm-none-eabi-gcc "../app/src/task_sensor.c" -mcpu=cortex-m3 -std=gnu11 -g3 -DDEBUG -DUSE_HAL_DRIVER -DSTM32F103xB -c -I../Core/Inc -I../Drivers/STM32F1xx_HAL_Driver/Inc -I../Drivers/STM32F1xx_HAL_Driver/Inc/Legacy -I../Drivers/CMSIS/Device/ST/STM32F1xx/Include -I../Drivers/CMSIS/Include -I../app/inc -O0 -ffunction-sections -fdata-sections -Wall -fstack-usage -fcyclomatic-complexity -MMD -MP -MF"app/src/task_sensor.d" -MT"app/src/task_sensor.o" --specs=nano.specs -mfloat-abi=soft -mthumb -o "app/src/task_sensor.o"
arm-none-eabi-gcc "../app/src/task_system.c" -mcpu=cortex-m3 -std=gnu11 -g3 -DDEBUG -DUSE_HAL_DRIVER -DSTM32F103xB -c -I../Core/Inc -I../Drivers/STM32F1xx_HAL_Driver/Inc -I../Drivers/STM32F1xx_HAL_Driver/Inc/Legacy -I../Drivers/CMSIS/Device/ST/STM32F1xx/Include -I../Drivers/CMSIS/Include -I../app/inc -O0 -ffunction-sections -fdata-sections -Wall -fstack-usage -fcyclomatic-complexity -MMD -MP -MF"app/src/task_system.d" -MT"app/src/task_system.o" --specs=nano.specs -mfloat-abi=soft -mthumb -o "app/src/task_system.o"
arm-none-eabi-gcc "../app/src/task_system_interface.c" -mcpu=cortex-m3 -std=gnu11 -g3 -DDEBUG -DUSE_HAL_DRIVER -DSTM32F103xB -c -I../Core/Inc -I../Drivers/STM32F1xx_HAL_Driver/Inc -I../Drivers/STM32F1xx_HAL_Driver/Inc/Legacy -I../Drivers/CMSIS/Device/ST/STM32F1xx/Include -I../Drivers/CMSIS/Include -I../app/inc -O0 -ffunction-sections -fdata-sections -Wall -fstack-usage -fcyclomatic-complexity -MMD -MP -MF"app/src/task_system_interface.d" -MT"app/src/task_system_interface.o" --specs=nano.specs -mfloat-abi=soft -mthumb -o "app/src/task_system_interface.o"
arm-none-eabi-gcc "../Core/Src/main.c" -mcpu=cortex-m3 -std=gnu11 -g3 -DDEBUG -DUSE_HAL_DRIVER -DSTM32F103xB -c -I../Core/Inc -I../Drivers/STM32F1xx_HAL_Driver/Inc -I../Drivers/STM32F1xx_HAL_Driver/Inc/Legacy -I../Drivers/CMSIS/Device/ST/STM32F1xx/Include -I../Drivers/CMSIS/Include -I../app/inc -O0 -ffunction-sections -fdata-sections -Wall -fstack-usage -fcyclomatic-complexity -MMD -MP -MF"Core/Src/main.d" -MT"Core/Src/main.o" --specs=nano.specs -mfloat-abi=soft -mthumb -o "Core/Src/main.o"
arm-none-eabi-gcc "../Core/Src/stm32f1xx_hal_msp.c" -mcpu=cortex-m3 -std=gnu11 -g3 -DDEBUG -DUSE_HAL_DRIVER -DSTM32F103xB -c -I../Core/Inc -I../Drivers/STM32F1xx_HAL_Driver/Inc -I../Drivers/STM32F1xx_HAL_Driver/Inc/Legacy -I../Drivers/CMSIS/Device/ST/STM32F1xx/Include -I../Drivers/CMSIS/Include -I../app/inc -O0 -ffunction-sections -fdata-sections -Wall -fstack-usage -fcyclomatic-complexity -MMD -MP -MF"Core/Src/stm32f1xx_hal_msp.d" -MT"Core/Src/stm32f1xx_hal_msp.o" --specs=nano.specs -mfloat-abi=soft -mthumb -o "Core/Src/stm32f1xx_hal_msp.o"
arm-none-eabi-gcc "../Core/Src/stm32f1xx_it.c" -mcpu=cortex-m3 -std=gnu11 -g3 -DDEBUG -DUSE_HAL_DRIVER -DSTM32F103xB -c -I../Core/Inc -I../Drivers/STM32F1xx_HAL_Driver/Inc -I../Drivers/STM32F1xx_HAL_Driver/Inc/Legacy -I../Drivers/CMSIS/Device/ST/STM32F1xx/Include -I../Drivers/CMSIS/Include -I../app/inc -O0 -ffunction-sections -fdata-sections -Wall -fstack-usage -fcyclomatic-complexity -MMD -MP -MF"Core/Src/stm32f1xx_it.d" -MT"Core/Src/stm32f1xx_it.o" --specs=nano.specs -mfloat-abi=soft -mthumb -o "Core/Src/stm32f1xx_it.o"
arm-none-eabi-gcc -o "codigo_tp_final.elf" @"objects.list"  -lrdimon -mcpu=cortex-m3 -T"C:\Users\pc\Desktop\FIUBA\2025 - 1C\TALLER DE SISTEMAS EMBEBIDOS\Archivos STM32CubeIDE\tdse-tpf_1-03-main\codigo_tp_final\STM32F103RBTX_FLASH.ld" --specs=nosys.specs -Wl,-Map="codigo_tp_final.map" -Wl,--gc-sections -static -specs=rdimon.specs --specs=nano.specs -mfloat-abi=soft -mthumb -Wl,--start-group -lc -lm -Wl,--end-group
Finished building target: codigo_tp_final.elf
 
arm-none-eabi-size  codigo_tp_final.elf 
arm-none-eabi-objdump -h -S codigo_tp_final.elf  > "codigo_tp_final.list"
   text	   data	    bss	    dec	    hex	filename
  17132	    164	   2332	  19628	   4cac	codigo_tp_final.elf
Finished building: default.size.stdout
 
Finished building: codigo_tp_final.list
 
23:01:08 **** Incremental Build of configuration Debug for project codigo_tp_final ****
make -j8 all 
arm-none-eabi-gcc "../app/src/app.c" -mcpu=cortex-m3 -std=gnu11 -g3 -DDEBUG -DUSE_HAL_DRIVER -DSTM32F103xB -c -I../Core/Inc -I../Drivers/STM32F1xx_HAL_Driver/Inc -I../Drivers/STM32F1xx_HAL_Driver/Inc/Legacy -I../Drivers/CMSIS/Device/ST/STM32F1xx/Include -I../Drivers/CMSIS/Include -I../app/inc -O0 -ffunction-sections -fdata-sections -Wall -fstack-usage -fcyclomatic-complexity -MMD -MP -MF"app/src/app.d" -MT"app/src/app.o" --specs=nano.specs -mfloat-abi=soft -mthumb -o "app/src/app.o"
arm-none-eabi-gcc "../app/src/task_actuator.c" -mcpu=cortex-m3 -std=gnu11 -g3 -DDEBUG -DUSE_HAL_DRIVER -DSTM32F103xB -c -I../Core/Inc -I../Drivers/STM32F1xx_HAL_Driver/Inc -I../Drivers/STM32F1xx_HAL_Driver/Inc/Legacy -I../Drivers/CMSIS/Device/ST/STM32F1xx/Include -I../Drivers/CMSIS/Include -I../app/inc -O0 -ffunction-sections -fdata-sections -Wall -fstack-usage -fcyclomatic-complexity -MMD -MP -MF"app/src/task_actuator.d" -MT"app/src/task_actuator.o" --specs=nano.specs -mfloat-abi=soft -mthumb -o "app/src/task_actuator.o"
arm-none-eabi-gcc "../app/src/task_actuator_interface.c" -mcpu=cortex-m3 -std=gnu11 -g3 -DDEBUG -DUSE_HAL_DRIVER -DSTM32F103xB -c -I../Core/Inc -I../Drivers/STM32F1xx_HAL_Driver/Inc -I../Drivers/STM32F1xx_HAL_Driver/Inc/Legacy -I../Drivers/CMSIS/Device/ST/STM32F1xx/Include -I../Drivers/CMSIS/Include -I../app/inc -O0 -ffunction-sections -fdata-sections -Wall -fstack-usage -fcyclomatic-complexity -MMD -MP -MF"app/src/task_actuator_interface.d" -MT"app/src/task_actuator_interface.o" --specs=nano.specs -mfloat-abi=soft -mthumb -o "app/src/task_actuator_interface.o"
arm-none-eabi-gcc "../app/src/task_menu.c" -mcpu=cortex-m3 -std=gnu11 -g3 -DDEBUG -DUSE_HAL_DRIVER -DSTM32F103xB -c -I../Core/Inc -I../Drivers/STM32F1xx_HAL_Driver/Inc -I../Drivers/STM32F1xx_HAL_Driver/Inc/Legacy -I../Drivers/CMSIS/Device/ST/STM32F1xx/Include -I../Drivers/CMSIS/Include -I../app/inc -O0 -ffunction-sections -fdata-sections -Wall -fstack-usage -fcyclomatic-complexity -MMD -MP -MF"app/src/task_menu.d" -MT"app/src/task_menu.o" --specs=nano.specs -mfloat-abi=soft -mthumb -o "app/src/task_menu.o"
arm-none-eabi-gcc "../app/src/task_menu_interface.c" -mcpu=cortex-m3 -std=gnu11 -g3 -DDEBUG -DUSE_HAL_DRIVER -DSTM32F103xB -c -I../Core/Inc -I../Drivers/STM32F1xx_HAL_Driver/Inc -I../Drivers/STM32F1xx_HAL_Driver/Inc/Legacy -I../Drivers/CMSIS/Device/ST/STM32F1xx/Include -I../Drivers/CMSIS/Include -I../app/inc -O0 -ffunction-sections -fdata-sections -Wall -fstack-usage -fcyclomatic-complexity -MMD -MP -MF"app/src/task_menu_interface.d" -MT"app/src/task_menu_interface.o" --specs=nano.specs -mfloat-abi=soft -mthumb -o "app/src/task_menu_interface.o"
arm-none-eabi-gcc "../app/src/task_sensor.c" -mcpu=cortex-m3 -std=gnu11 -g3 -DDEBUG -DUSE_HAL_DRIVER -DSTM32F103xB -c -I../Core/Inc -I../Drivers/STM32F1xx_HAL_Driver/Inc -I../Drivers/STM32F1xx_HAL_Driver/Inc/Legacy -I../Drivers/CMSIS/Device/ST/STM32F1xx/Include -I../Drivers/CMSIS/Include -I../app/inc -O0 -ffunction-sections -fdata-sections -Wall -fstack-usage -fcyclomatic-complexity -MMD -MP -MF"app/src/task_sensor.d" -MT"app/src/task_sensor.o" --specs=nano.specs -mfloat-abi=soft -mthumb -o "app/src/task_sensor.o"
arm-none-eabi-gcc "../app/src/task_system.c" -mcpu=cortex-m3 -std=gnu11 -g3 -DDEBUG -DUSE_HAL_DRIVER -DSTM32F103xB -c -I../Core/Inc -I../Drivers/STM32F1xx_HAL_Driver/Inc -I../Drivers/STM32F1xx_HAL_Driver/Inc/Legacy -I../Drivers/CMSIS/Device/ST/STM32F1xx/Include -I../Drivers/CMSIS/Include -I../app/inc -O0 -ffunction-sections -fdata-sections -Wall -fstack-usage -fcyclomatic-complexity -MMD -MP -MF"app/src/task_system.d" -MT"app/src/task_system.o" --specs=nano.specs -mfloat-abi=soft -mthumb -o "app/src/task_system.o"
arm-none-eabi-gcc "../app/src/task_system_interface.c" -mcpu=cortex-m3 -std=gnu11 -g3 -DDEBUG -DUSE_HAL_DRIVER -DSTM32F103xB -c -I../Core/Inc -I../Drivers/STM32F1xx_HAL_Driver/Inc -I../Drivers/STM32F1xx_HAL_Driver/Inc/Legacy -I../Drivers/CMSIS/Device/ST/STM32F1xx/Include -I../Drivers/CMSIS/Include -I../app/inc -O0 -ffunction-sections -fdata-sections -Wall -fstack-usage -fcyclomatic-complexity -MMD -MP -MF"app/src/task_system_interface.d" -MT"app/src/task_system_interface.o" --specs=nano.specs -mfloat-abi=soft -mthumb -o "app/src/task_system_interface.o"
arm-none-eabi-gcc -o "codigo_tp_final.elf" @"objects.list"  -lrdimon -mcpu=cortex-m3 -T"C:\Users\pc\Desktop\FIUBA\2025 - 1C\TALLER DE SISTEMAS EMBEBIDOS\Archivos STM32CubeIDE\tdse-tpf_1-03-main\codigo_tp_final\STM32F103RBTX_FLASH.ld" --specs=nosys.specs -Wl,-Map="codigo_tp_final.map" -Wl,--gc-sections -static -specs=rdimon.specs --specs=nano.specs -mfloat-abi=soft -mthumb -Wl,--start-group -lc -lm -Wl,--end-group
Finished building target: codigo_tp_final.elf
 
arm-none-eabi-size  codigo_tp_final.elf 
arm-none-eabi-objdump -h -S codigo_tp_final.elf  > "codigo_tp_final.list"
   text	   data	    bss	    dec	    hex	filename
  17172	    164	   2332	  19668	   4cd4	codigo_tp_final.elf
Finished building: default.size.stdout
 
Finished building: codigo_tp_final.list
 
23:09:48 **** Incremental Build of configuration Debug for project codigo_tp_final ****
make -j8 all 
arm-none-eabi-gcc "../app/src/app.c" -mcpu=cortex-m3 -std=gnu11 -g3 -DDEBUG -DUSE_HAL_DRIVER -DSTM32F103xB -c -I../Core/Inc -I../Drivers/STM32F1xx_HAL_Driver/Inc -I../Drivers/STM32F1xx_HAL_Driver/Inc/Legacy -I../Drivers/CMSIS/Device/ST/STM32F1xx/Include -I../Drivers/CMSIS/Include -I../app/inc -O0 -ffunction-sections -fdata-sections -Wall -fstack-usage -fcyclomatic-complexity -MMD -MP -MF"app/src/app.d" -MT"app/src/app.o" --specs=nano.specs -mfloat-abi=soft -mthumb -o "app/src/app.o"
arm-none-eabi-gcc "../app/src/display.c" -mcpu=cortex-m3 -std=gnu11 -g3 -DDEBUG -DUSE_HAL_DRIVER -DSTM32F103xB -c -I../Core/Inc -I../Drivers/STM32F1xx_HAL_Driver/Inc -I../Drivers/STM32F1xx_HAL_Driver/Inc/Legacy -I../Drivers/CMSIS/Device/ST/STM32F1xx/Include -I../Drivers/CMSIS/Include -I../app/inc -O0 -ffunction-sections -fdata-sections -Wall -fstack-usage -fcyclomatic-complexity -MMD -MP -MF"app/src/display.d" -MT"app/src/display.o" --specs=nano.specs -mfloat-abi=soft -mthumb -o "app/src/display.o"
arm-none-eabi-gcc "../app/src/logger.c" -mcpu=cortex-m3 -std=gnu11 -g3 -DDEBUG -DUSE_HAL_DRIVER -DSTM32F103xB -c -I../Core/Inc -I../Drivers/STM32F1xx_HAL_Driver/Inc -I../Drivers/STM32F1xx_HAL_Driver/Inc/Legacy -I../Drivers/CMSIS/Device/ST/STM32F1xx/Include -I../Drivers/CMSIS/Include -I../app/inc -O0 -ffunction-sections -fdata-sections -Wall -fstack-usage -fcyclomatic-complexity -MMD -MP -MF"app/src/logger.d" -MT"app/src/logger.o" --specs=nano.specs -mfloat-abi=soft -mthumb -o "app/src/logger.o"
arm-none-eabi-gcc "../app/src/task_actuator.c" -mcpu=cortex-m3 -std=gnu11 -g3 -DDEBUG -DUSE_HAL_DRIVER -DSTM32F103xB -c -I../Core/Inc -I../Drivers/STM32F1xx_HAL_Driver/Inc -I../Drivers/STM32F1xx_HAL_Driver/Inc/Legacy -I../Drivers/CMSIS/Device/ST/STM32F1xx/Include -I../Drivers/CMSIS/Include -I../app/inc -O0 -ffunction-sections -fdata-sections -Wall -fstack-usage -fcyclomatic-complexity -MMD -MP -MF"app/src/task_actuator.d" -MT"app/src/task_actuator.o" --specs=nano.specs -mfloat-abi=soft -mthumb -o "app/src/task_actuator.o"
arm-none-eabi-gcc "../app/src/task_actuator_interface.c" -mcpu=cortex-m3 -std=gnu11 -g3 -DDEBUG -DUSE_HAL_DRIVER -DSTM32F103xB -c -I../Core/Inc -I../Drivers/STM32F1xx_HAL_Driver/Inc -I../Drivers/STM32F1xx_HAL_Driver/Inc/Legacy -I../Drivers/CMSIS/Device/ST/STM32F1xx/Include -I../Drivers/CMSIS/Include -I../app/inc -O0 -ffunction-sections -fdata-sections -Wall -fstack-usage -fcyclomatic-complexity -MMD -MP -MF"app/src/task_actuator_interface.d" -MT"app/src/task_actuator_interface.o" --specs=nano.specs -mfloat-abi=soft -mthumb -o "app/src/task_actuator_interface.o"
arm-none-eabi-gcc "../app/src/task_menu.c" -mcpu=cortex-m3 -std=gnu11 -g3 -DDEBUG -DUSE_HAL_DRIVER -DSTM32F103xB -c -I../Core/Inc -I../Drivers/STM32F1xx_HAL_Driver/Inc -I../Drivers/STM32F1xx_HAL_Driver/Inc/Legacy -I../Drivers/CMSIS/Device/ST/STM32F1xx/Include -I../Drivers/CMSIS/Include -I../app/inc -O0 -ffunction-sections -fdata-sections -Wall -fstack-usage -fcyclomatic-complexity -MMD -MP -MF"app/src/task_menu.d" -MT"app/src/task_menu.o" --specs=nano.specs -mfloat-abi=soft -mthumb -o "app/src/task_menu.o"
arm-none-eabi-gcc "../app/src/task_menu_interface.c" -mcpu=cortex-m3 -std=gnu11 -g3 -DDEBUG -DUSE_HAL_DRIVER -DSTM32F103xB -c -I../Core/Inc -I../Drivers/STM32F1xx_HAL_Driver/Inc -I../Drivers/STM32F1xx_HAL_Driver/Inc/Legacy -I../Drivers/CMSIS/Device/ST/STM32F1xx/Include -I../Drivers/CMSIS/Include -I../app/inc -O0 -ffunction-sections -fdata-sections -Wall -fstack-usage -fcyclomatic-complexity -MMD -MP -MF"app/src/task_menu_interface.d" -MT"app/src/task_menu_interface.o" --specs=nano.specs -mfloat-abi=soft -mthumb -o "app/src/task_menu_interface.o"
arm-none-eabi-gcc "../app/src/task_sensor.c" -mcpu=cortex-m3 -std=gnu11 -g3 -DDEBUG -DUSE_HAL_DRIVER -DSTM32F103xB -c -I../Core/Inc -I../Drivers/STM32F1xx_HAL_Driver/Inc -I../Drivers/STM32F1xx_HAL_Driver/Inc/Legacy -I../Drivers/CMSIS/Device/ST/STM32F1xx/Include -I../Drivers/CMSIS/Include -I../app/inc -O0 -ffunction-sections -fdata-sections -Wall -fstack-usage -fcyclomatic-complexity -MMD -MP -MF"app/src/task_sensor.d" -MT"app/src/task_sensor.o" --specs=nano.specs -mfloat-abi=soft -mthumb -o "app/src/task_sensor.o"
arm-none-eabi-gcc "../app/src/task_system.c" -mcpu=cortex-m3 -std=gnu11 -g3 -DDEBUG -DUSE_HAL_DRIVER -DSTM32F103xB -c -I../Core/Inc -I../Drivers/STM32F1xx_HAL_Driver/Inc -I../Drivers/STM32F1xx_HAL_Driver/Inc/Legacy -I../Drivers/CMSIS/Device/ST/STM32F1xx/Include -I../Drivers/CMSIS/Include -I../app/inc -O0 -ffunction-sections -fdata-sections -Wall -fstack-usage -fcyclomatic-complexity -MMD -MP -MF"app/src/task_system.d" -MT"app/src/task_system.o" --specs=nano.specs -mfloat-abi=soft -mthumb -o "app/src/task_system.o"
arm-none-eabi-gcc "../app/src/task_system_interface.c" -mcpu=cortex-m3 -std=gnu11 -g3 -DDEBUG -DUSE_HAL_DRIVER -DSTM32F103xB -c -I../Core/Inc -I../Drivers/STM32F1xx_HAL_Driver/Inc -I../Drivers/STM32F1xx_HAL_Driver/Inc/Legacy -I../Drivers/CMSIS/Device/ST/STM32F1xx/Include -I../Drivers/CMSIS/Include -I../app/inc -O0 -ffunction-sections -fdata-sections -Wall -fstack-usage -fcyclomatic-complexity -MMD -MP -MF"app/src/task_system_interface.d" -MT"app/src/task_system_interface.o" --specs=nano.specs -mfloat-abi=soft -mthumb -o "app/src/task_system_interface.o"
arm-none-eabi-gcc "../Core/Src/main.c" -mcpu=cortex-m3 -std=gnu11 -g3 -DDEBUG -DUSE_HAL_DRIVER -DSTM32F103xB -c -I../Core/Inc -I../Drivers/STM32F1xx_HAL_Driver/Inc -I../Drivers/STM32F1xx_HAL_Driver/Inc/Legacy -I../Drivers/CMSIS/Device/ST/STM32F1xx/Include -I../Drivers/CMSIS/Include -I../app/inc -O0 -ffunction-sections -fdata-sections -Wall -fstack-usage -fcyclomatic-complexity -MMD -MP -MF"Core/Src/main.d" -MT"Core/Src/main.o" --specs=nano.specs -mfloat-abi=soft -mthumb -o "Core/Src/main.o"
arm-none-eabi-gcc "../Core/Src/stm32f1xx_hal_msp.c" -mcpu=cortex-m3 -std=gnu11 -g3 -DDEBUG -DUSE_HAL_DRIVER -DSTM32F103xB -c -I../Core/Inc -I../Drivers/STM32F1xx_HAL_Driver/Inc -I../Drivers/STM32F1xx_HAL_Driver/Inc/Legacy -I../Drivers/CMSIS/Device/ST/STM32F1xx/Include -I../Drivers/CMSIS/Include -I../app/inc -O0 -ffunction-sections -fdata-sections -Wall -fstack-usage -fcyclomatic-complexity -MMD -MP -MF"Core/Src/stm32f1xx_hal_msp.d" -MT"Core/Src/stm32f1xx_hal_msp.o" --specs=nano.specs -mfloat-abi=soft -mthumb -o "Core/Src/stm32f1xx_hal_msp.o"
arm-none-eabi-gcc "../Core/Src/stm32f1xx_it.c" -mcpu=cortex-m3 -std=gnu11 -g3 -DDEBUG -DUSE_HAL_DRIVER -DSTM32F103xB -c -I../Core/Inc -I../Drivers/STM32F1xx_HAL_Driver/Inc -I../Drivers/STM32F1xx_HAL_Driver/Inc/Legacy -I../Drivers/CMSIS/Device/ST/STM32F1xx/Include -I../Drivers/CMSIS/Include -I../app/inc -O0 -ffunction-sections -fdata-sections -Wall -fstack-usage -fcyclomatic-complexity -MMD -MP -MF"Core/Src/stm32f1xx_it.d" -MT"Core/Src/stm32f1xx_it.o" --specs=nano.specs -mfloat-abi=soft -mthumb -o "Core/Src/stm32f1xx_it.o"
arm-none-eabi-gcc -o "codigo_tp_final.elf" @"objects.list"  -lrdimon -mcpu=cortex-m3 -T"C:\Users\pc\Desktop\FIUBA\2025 - 1C\TALLER DE SISTEMAS EMBEBIDOS\Archivos STM32CubeIDE\tdse-tpf_1-03-main\codigo_tp_final\STM32F103RBTX_FLASH.ld" --specs=nosys.specs -Wl,-Map="codigo_tp_final.map" -Wl,--gc-sections -static -specs=rdimon.specs --specs=nano.specs -mfloat-abi=soft -mthumb -Wl,--start-group -lc -lm -Wl,--end-group
Finished building target: codigo_tp_final.elf
 
arm-none-eabi-size  codigo_tp_final.elf 
arm-none-eabi-objdump -h -S codigo_tp_final.elf  > "codigo_tp_final.list"
   text	   data	    bss	    dec	    hex	filename
  17192	    164	   2332	  19688	   4ce8	codigo_tp_final.elf
Finished building: default.size.stdout
 
Finished building: codigo_tp_final.list
 
23:10:13 **** Incremental Build of configuration Debug for project codigo_tp_final ****
make -j8 all 
arm-none-eabi-gcc "../app/src/task_sensor.c" -mcpu=cortex-m3 -std=gnu11 -g3 -DDEBUG -DUSE_HAL_DRIVER -DSTM32F103xB -c -I../Core/Inc -I../Drivers/STM32F1xx_HAL_Driver/Inc -I../Drivers/STM32F1xx_HAL_Driver/Inc/Legacy -I../Drivers/CMSIS/Device/ST/STM32F1xx/Include -I../Drivers/CMSIS/Include -I../app/inc -O0 -ffunction-sections -fdata-sections -Wall -fstack-usage -fcyclomatic-complexity -MMD -MP -MF"app/src/task_sensor.d" -MT"app/src/task_sensor.o" --specs=nano.specs -mfloat-abi=soft -mthumb -o "app/src/task_sensor.o"
arm-none-eabi-gcc -o "codigo_tp_final.elf" @"objects.list"  -lrdimon -mcpu=cortex-m3 -T"C:\Users\pc\Desktop\FIUBA\2025 - 1C\TALLER DE SISTEMAS EMBEBIDOS\Archivos STM32CubeIDE\tdse-tpf_1-03-main\codigo_tp_final\STM32F103RBTX_FLASH.ld" --specs=nosys.specs -Wl,-Map="codigo_tp_final.map" -Wl,--gc-sections -static -specs=rdimon.specs --specs=nano.specs -mfloat-abi=soft -mthumb -Wl,--start-group -lc -lm -Wl,--end-group
Finished building target: codigo_tp_final.elf
 
arm-none-eabi-size  codigo_tp_final.elf 
arm-none-eabi-objdump -h -S codigo_tp_final.elf  > "codigo_tp_final.list"
   text	   data	    bss	    dec	    hex	filename
  17192	    164	   2332	  19688	   4ce8	codigo_tp_final.elf
Finished building: default.size.stdout
 
Finished building: codigo_tp_final.list
 
